// Jest Snapshot v1, https://goo.gl/fbAQLP

exports[`Counter component debe de hacer match con el snapshot 1`] = `
<h2>Counter</h2>
<p>5 <sup>2</sup> = 25</p>
<div><button>-1</button><button>+1</button></div>
`;
